?   	fieldfuze-backend	[no test files]
?   	fieldfuze-backend/docs	[no test files]
?   	fieldfuze-backend/infrastructure	[no test files]
?   	fieldfuze-backend/models	[no test files]
?   	fieldfuze-backend/repository	[no test files]
?   	fieldfuze-backend/worker	[no test files]
=== RUN   TestControllerTestSuite
=== RUN   TestControllerTestSuite/TestControllerComponentInitialization
=== RUN   TestControllerTestSuite/TestHealthEndpointResponse
=== RUN   TestControllerTestSuite/TestMiddlewareConfiguration
=== RUN   TestControllerTestSuite/TestNewControllerStructure
=== RUN   TestControllerTestSuite/TestRegisterRoutesBasicSetup
=== RUN   TestControllerTestSuite/TestRoutePathConstants
=== RUN   TestControllerTestSuite/TestSwaggerConfigSetup
--- PASS: TestControllerTestSuite (0.00s)
    --- PASS: TestControllerTestSuite/TestControllerComponentInitialization (0.00s)
    --- PASS: TestControllerTestSuite/TestHealthEndpointResponse (0.00s)
    --- PASS: TestControllerTestSuite/TestMiddlewareConfiguration (0.00s)
    --- PASS: TestControllerTestSuite/TestNewControllerStructure (0.00s)
    --- PASS: TestControllerTestSuite/TestRegisterRoutesBasicSetup (0.00s)
    --- PASS: TestControllerTestSuite/TestRoutePathConstants (0.00s)
    --- PASS: TestControllerTestSuite/TestSwaggerConfigSetup (0.00s)
=== RUN   TestInfrastructureControllerTestSuite
=== RUN   TestInfrastructureControllerTestSuite/TestAutoRestartWorkerCompleted
=== RUN   TestInfrastructureControllerTestSuite/TestAutoRestartWorkerNotNeeded
=== RUN   TestInfrastructureControllerTestSuite/TestAutoRestartWorkerServiceError
=== RUN   TestInfrastructureControllerTestSuite/TestCheckWorkerHealth
=== RUN   TestInfrastructureControllerTestSuite/TestCheckWorkerHealthServiceError
=== RUN   TestInfrastructureControllerTestSuite/TestCheckWorkerHealthUnhealthy
=== RUN   TestInfrastructureControllerTestSuite/TestGetStatusMessage
=== RUN   TestInfrastructureControllerTestSuite/TestGetStatusMessage/Completed_Successfully
=== RUN   TestInfrastructureControllerTestSuite/TestGetStatusMessage/Completed_with_Warnings
=== RUN   TestInfrastructureControllerTestSuite/TestGetStatusMessage/Failed
=== RUN   TestInfrastructureControllerTestSuite/TestGetStatusMessage/Running
=== RUN   TestInfrastructureControllerTestSuite/TestGetStatusMessage/Creating_Tables
=== RUN   TestInfrastructureControllerTestSuite/TestGetStatusMessage/Retrying_with_Count
=== RUN   TestInfrastructureControllerTestSuite/TestGetWorkerStatus
=== RUN   TestInfrastructureControllerTestSuite/TestGetWorkerStatusFailed
=== RUN   TestInfrastructureControllerTestSuite/TestGetWorkerStatusInProgress
=== RUN   TestInfrastructureControllerTestSuite/TestGetWorkerStatusServiceError
=== RUN   TestInfrastructureControllerTestSuite/TestMapWorkerStatusToHTTP
=== RUN   TestInfrastructureControllerTestSuite/TestMapWorkerStatusToHTTP/Completed_Successfully
=== RUN   TestInfrastructureControllerTestSuite/TestMapWorkerStatusToHTTP/Completed_with_Issues
=== RUN   TestInfrastructureControllerTestSuite/TestMapWorkerStatusToHTTP/Failed
=== RUN   TestInfrastructureControllerTestSuite/TestMapWorkerStatusToHTTP/Running
=== RUN   TestInfrastructureControllerTestSuite/TestMapWorkerStatusToHTTP/Retrying
=== RUN   TestInfrastructureControllerTestSuite/TestMapWorkerStatusToHTTP/Deleting
=== RUN   TestInfrastructureControllerTestSuite/TestNewInfrastructureController
=== RUN   TestInfrastructureControllerTestSuite/TestRestartWorker
=== RUN   TestInfrastructureControllerTestSuite/TestRestartWorkerConflict
=== RUN   TestInfrastructureControllerTestSuite/TestRestartWorkerNoBody
=== RUN   TestInfrastructureControllerTestSuite/TestRestartWorkerServiceError
=== RUN   TestInfrastructureControllerTestSuite/TestRestartWorkerWithForce
--- PASS: TestInfrastructureControllerTestSuite (0.00s)
    --- PASS: TestInfrastructureControllerTestSuite/TestAutoRestartWorkerCompleted (0.00s)
    --- PASS: TestInfrastructureControllerTestSuite/TestAutoRestartWorkerNotNeeded (0.00s)
    --- PASS: TestInfrastructureControllerTestSuite/TestAutoRestartWorkerServiceError (0.00s)
    --- PASS: TestInfrastructureControllerTestSuite/TestCheckWorkerHealth (0.00s)
    --- PASS: TestInfrastructureControllerTestSuite/TestCheckWorkerHealthServiceError (0.00s)
    --- PASS: TestInfrastructureControllerTestSuite/TestCheckWorkerHealthUnhealthy (0.00s)
    --- PASS: TestInfrastructureControllerTestSuite/TestGetStatusMessage (0.00s)
        --- PASS: TestInfrastructureControllerTestSuite/TestGetStatusMessage/Completed_Successfully (0.00s)
        --- PASS: TestInfrastructureControllerTestSuite/TestGetStatusMessage/Completed_with_Warnings (0.00s)
        --- PASS: TestInfrastructureControllerTestSuite/TestGetStatusMessage/Failed (0.00s)
        --- PASS: TestInfrastructureControllerTestSuite/TestGetStatusMessage/Running (0.00s)
        --- PASS: TestInfrastructureControllerTestSuite/TestGetStatusMessage/Creating_Tables (0.00s)
        --- PASS: TestInfrastructureControllerTestSuite/TestGetStatusMessage/Retrying_with_Count (0.00s)
    --- PASS: TestInfrastructureControllerTestSuite/TestGetWorkerStatus (0.00s)
    --- PASS: TestInfrastructureControllerTestSuite/TestGetWorkerStatusFailed (0.00s)
    --- PASS: TestInfrastructureControllerTestSuite/TestGetWorkerStatusInProgress (0.00s)
    --- PASS: TestInfrastructureControllerTestSuite/TestGetWorkerStatusServiceError (0.00s)
    --- PASS: TestInfrastructureControllerTestSuite/TestMapWorkerStatusToHTTP (0.00s)
        --- PASS: TestInfrastructureControllerTestSuite/TestMapWorkerStatusToHTTP/Completed_Successfully (0.00s)
        --- PASS: TestInfrastructureControllerTestSuite/TestMapWorkerStatusToHTTP/Completed_with_Issues (0.00s)
        --- PASS: TestInfrastructureControllerTestSuite/TestMapWorkerStatusToHTTP/Failed (0.00s)
        --- PASS: TestInfrastructureControllerTestSuite/TestMapWorkerStatusToHTTP/Running (0.00s)
        --- PASS: TestInfrastructureControllerTestSuite/TestMapWorkerStatusToHTTP/Retrying (0.00s)
        --- PASS: TestInfrastructureControllerTestSuite/TestMapWorkerStatusToHTTP/Deleting (0.00s)
    --- PASS: TestInfrastructureControllerTestSuite/TestNewInfrastructureController (0.00s)
    --- PASS: TestInfrastructureControllerTestSuite/TestRestartWorker (0.00s)
    --- PASS: TestInfrastructureControllerTestSuite/TestRestartWorkerConflict (0.00s)
    --- PASS: TestInfrastructureControllerTestSuite/TestRestartWorkerNoBody (0.00s)
    --- PASS: TestInfrastructureControllerTestSuite/TestRestartWorkerServiceError (0.00s)
    --- PASS: TestInfrastructureControllerTestSuite/TestRestartWorkerWithForce (0.00s)
=== RUN   TestOrganizationControllerTestSuite
=== RUN   TestOrganizationControllerTestSuite/TestCreateOrganization
=== RUN   TestOrganizationControllerTestSuite/TestCreateOrganizationConflict
=== RUN   TestOrganizationControllerTestSuite/TestCreateOrganizationInvalidJSON
=== RUN   TestOrganizationControllerTestSuite/TestCreateOrganizationInvalidJWTClaims
=== RUN   TestOrganizationControllerTestSuite/TestCreateOrganizationNoJWTClaims
=== RUN   TestOrganizationControllerTestSuite/TestCreateOrganizationServiceError
=== RUN   TestOrganizationControllerTestSuite/TestCreateOrganizationValidationFailure
=== RUN   TestOrganizationControllerTestSuite/TestFormatValidationErrors
=== RUN   TestOrganizationControllerTestSuite/TestFormatValidationErrors/Required_field_validation
=== RUN   TestOrganizationControllerTestSuite/TestFormatValidationErrors/Min_length_validation
=== RUN   TestOrganizationControllerTestSuite/TestFormatValidationErrors/Max_length_validation
=== RUN   TestOrganizationControllerTestSuite/TestGetOrganizations
=== RUN   TestOrganizationControllerTestSuite/TestGetOrganizationsEmptyResult
=== RUN   TestOrganizationControllerTestSuite/TestGetOrganizationsInvalidPageParam
=== RUN   TestOrganizationControllerTestSuite/TestGetOrganizationsServiceError
=== RUN   TestOrganizationControllerTestSuite/TestGetOrganizationsWithPagination
=== RUN   TestOrganizationControllerTestSuite/TestNewOrganizationController
--- PASS: TestOrganizationControllerTestSuite (0.00s)
    --- PASS: TestOrganizationControllerTestSuite/TestCreateOrganization (0.00s)
    --- PASS: TestOrganizationControllerTestSuite/TestCreateOrganizationConflict (0.00s)
    --- PASS: TestOrganizationControllerTestSuite/TestCreateOrganizationInvalidJSON (0.00s)
    --- PASS: TestOrganizationControllerTestSuite/TestCreateOrganizationInvalidJWTClaims (0.00s)
    --- PASS: TestOrganizationControllerTestSuite/TestCreateOrganizationNoJWTClaims (0.00s)
    --- PASS: TestOrganizationControllerTestSuite/TestCreateOrganizationServiceError (0.00s)
    --- PASS: TestOrganizationControllerTestSuite/TestCreateOrganizationValidationFailure (0.00s)
    --- PASS: TestOrganizationControllerTestSuite/TestFormatValidationErrors (0.00s)
        --- PASS: TestOrganizationControllerTestSuite/TestFormatValidationErrors/Required_field_validation (0.00s)
        --- PASS: TestOrganizationControllerTestSuite/TestFormatValidationErrors/Min_length_validation (0.00s)
        --- PASS: TestOrganizationControllerTestSuite/TestFormatValidationErrors/Max_length_validation (0.00s)
    --- PASS: TestOrganizationControllerTestSuite/TestGetOrganizations (0.00s)
    --- PASS: TestOrganizationControllerTestSuite/TestGetOrganizationsEmptyResult (0.00s)
    --- PASS: TestOrganizationControllerTestSuite/TestGetOrganizationsInvalidPageParam (0.00s)
    --- PASS: TestOrganizationControllerTestSuite/TestGetOrganizationsServiceError (0.00s)
    --- PASS: TestOrganizationControllerTestSuite/TestGetOrganizationsWithPagination (0.00s)
    --- PASS: TestOrganizationControllerTestSuite/TestNewOrganizationController (0.00s)
=== RUN   TestRoleControllerTestSuite
=== RUN   TestRoleControllerTestSuite/TestCreateRole
=== RUN   TestRoleControllerTestSuite/TestCreateRoleInvalidRequest
=== RUN   TestRoleControllerTestSuite/TestCreateRoleMalformedJSON
=== RUN   TestRoleControllerTestSuite/TestCreateRoleServiceError
=== RUN   TestRoleControllerTestSuite/TestCreateRoleWithoutUser
=== RUN   TestRoleControllerTestSuite/TestDeleteRole
=== RUN   TestRoleControllerTestSuite/TestDeleteRoleEmptyID
=== RUN   TestRoleControllerTestSuite/TestDeleteRoleServiceError
=== RUN   TestRoleControllerTestSuite/TestGetRole
=== RUN   TestRoleControllerTestSuite/TestGetRoleEmptyID
=== RUN   TestRoleControllerTestSuite/TestGetRoleNotFound
=== RUN   TestRoleControllerTestSuite/TestGetRoles
=== RUN   TestRoleControllerTestSuite/TestGetRolesServiceError
=== RUN   TestRoleControllerTestSuite/TestGetRolesWithFilters
=== RUN   TestRoleControllerTestSuite/TestGetRolesWithPagination
=== RUN   TestRoleControllerTestSuite/TestNewRoleController
=== RUN   TestRoleControllerTestSuite/TestUpdateRole
=== RUN   TestRoleControllerTestSuite/TestUpdateRoleEmptyID
=== RUN   TestRoleControllerTestSuite/TestUpdateRoleInvalidRequest
=== RUN   TestRoleControllerTestSuite/TestUpdateRoleServiceError
--- PASS: TestRoleControllerTestSuite (0.00s)
    --- PASS: TestRoleControllerTestSuite/TestCreateRole (0.00s)
    --- PASS: TestRoleControllerTestSuite/TestCreateRoleInvalidRequest (0.00s)
    --- PASS: TestRoleControllerTestSuite/TestCreateRoleMalformedJSON (0.00s)
    --- PASS: TestRoleControllerTestSuite/TestCreateRoleServiceError (0.00s)
    --- PASS: TestRoleControllerTestSuite/TestCreateRoleWithoutUser (0.00s)
    --- PASS: TestRoleControllerTestSuite/TestDeleteRole (0.00s)
    --- PASS: TestRoleControllerTestSuite/TestDeleteRoleEmptyID (0.00s)
    --- PASS: TestRoleControllerTestSuite/TestDeleteRoleServiceError (0.00s)
    --- PASS: TestRoleControllerTestSuite/TestGetRole (0.00s)
    --- PASS: TestRoleControllerTestSuite/TestGetRoleEmptyID (0.00s)
    --- PASS: TestRoleControllerTestSuite/TestGetRoleNotFound (0.00s)
    --- PASS: TestRoleControllerTestSuite/TestGetRoles (0.00s)
    --- PASS: TestRoleControllerTestSuite/TestGetRolesServiceError (0.00s)
    --- PASS: TestRoleControllerTestSuite/TestGetRolesWithFilters (0.00s)
    --- PASS: TestRoleControllerTestSuite/TestGetRolesWithPagination (0.00s)
    --- PASS: TestRoleControllerTestSuite/TestNewRoleController (0.00s)
    --- PASS: TestRoleControllerTestSuite/TestUpdateRole (0.00s)
    --- PASS: TestRoleControllerTestSuite/TestUpdateRoleEmptyID (0.00s)
    --- PASS: TestRoleControllerTestSuite/TestUpdateRoleInvalidRequest (0.00s)
    --- PASS: TestRoleControllerTestSuite/TestUpdateRoleServiceError (0.00s)
=== RUN   TestUserControllerTestSuite
=== RUN   TestUserControllerTestSuite/TestAssignRole
=== RUN   TestUserControllerTestSuite/TestAssignRoleServiceError
=== RUN   TestUserControllerTestSuite/TestDetachRole
=== RUN   TestUserControllerTestSuite/TestGenerateTokenDelegation
=== RUN   TestUserControllerTestSuite/TestGetUser
=== RUN   TestUserControllerTestSuite/TestGetUserList
=== RUN   TestUserControllerTestSuite/TestGetUserListServiceError
=== RUN   TestUserControllerTestSuite/TestGetUserNotFound
    user_controller_test.go:340: 
        	Error Trace:	/Users/nakulbhandare/go/src/github.com/field_fuze_backend/controller/user_controller_test.go:340
        	Error:      	Not equal: 
        	            	expected: 404
        	            	actual  : 500
        	Test:       	TestUserControllerTestSuite/TestGetUserNotFound
=== RUN   TestUserControllerTestSuite/TestGetUserWithEmptyID
    mock.go:359: test panicked: 
        assert: mock: I don't know what to return because the method call was unexpected.
        	Either do Mock.On("GetUserByID").Return(...) first, or remove the GetUserByID() call.
        	This method was unexpected:
        		GetUserByID(string)
        		0: ""
        	at: [/Users/nakulbhandare/go/src/github.com/field_fuze_backend/controller/user_controller_test.go:41 /Users/nakulbhandare/go/src/github.com/field_fuze_backend/controller/user_controller.go:111 /Users/nakulbhandare/go/src/github.com/field_fuze_backend/controller/user_controller_test.go:645 /usr/local/go/src/runtime/asm_arm64.s:1223]
        goroutine 124 [running]:
        runtime/debug.Stack()
        	/usr/local/go/src/runtime/debug/stack.go:26 +0x64
        github.com/stretchr/testify/suite.failOnPanic(0x140002f0d00, {0x1056b7780, 0x140004a5120})
        	/Users/nakulbhandare/go/pkg/mod/github.com/stretchr/testify@v1.11.1/suite/suite.go:89 +0x38
        github.com/stretchr/testify/suite.Run.func1.1()
        	/Users/nakulbhandare/go/pkg/mod/github.com/stretchr/testify@v1.11.1/suite/suite.go:184 +0x20c
        panic({0x1056b7780?, 0x140004a5120?})
        	/usr/local/go/src/runtime/panic.go:785 +0x124
        github.com/stretchr/testify/mock.(*Mock).fail(0x1400052bef0, {0x1055708a7?, 0x4?}, {0x14000617440?, 0x1?, 0x1?})
        	/Users/nakulbhandare/go/pkg/mod/github.com/stretchr/testify@v1.11.1/mock/mock.go:359 +0x154
        github.com/stretchr/testify/mock.(*Mock).MethodCalled(0x1400052bef0, {0x1058c684d, 0xb}, {0x140004a4ff0, 0x1, 0x1})
        	/Users/nakulbhandare/go/pkg/mod/github.com/stretchr/testify@v1.11.1/mock/mock.go:527 +0x660
        github.com/stretchr/testify/mock.(*Mock).Called(0x1400052bef0, {0x140004a4ff0, 0x1, 0x1})
        	/Users/nakulbhandare/go/pkg/mod/github.com/stretchr/testify@v1.11.1/mock/mock.go:491 +0x110
        fieldfuze-backend/controller.(*MockUserService).GetUserByID(0x1400052bef0, {0x0, 0x0})
        	/Users/nakulbhandare/go/src/github.com/field_fuze_backend/controller/user_controller_test.go:41 +0x88
        fieldfuze-backend/controller.(*UserController).GetUser(0x140005716d8, 0x140004ddb00)
        	/Users/nakulbhandare/go/src/github.com/field_fuze_backend/controller/user_controller.go:111 +0xc8
        fieldfuze-backend/controller.(*UserControllerTestSuite).TestGetUserWithEmptyID(0x1400027db20)
        	/Users/nakulbhandare/go/src/github.com/field_fuze_backend/controller/user_controller_test.go:645 +0x1b8
        reflect.Value.call({0x140004f9e40?, 0x140000b77a0?, 0x1400010eda8?}, {0x105533e34, 0x4}, {0x1400010ef20, 0x1, 0x105463948?})
        	/usr/local/go/src/reflect/value.go:581 +0x97c
        reflect.Value.Call({0x140004f9e40?, 0x140000b77a0?, 0x105b0b998?}, {0x1400010ef20?, 0xf?, 0x0?})
        	/usr/local/go/src/reflect/value.go:365 +0x94
        github.com/stretchr/testify/suite.Run.func1(0x140002f0d00)
        	/Users/nakulbhandare/go/pkg/mod/github.com/stretchr/testify@v1.11.1/suite/suite.go:196 +0x378
        testing.tRunner(0x140002f0d00, 0x14000303440)
        	/usr/local/go/src/testing/testing.go:1690 +0xe4
        created by testing.(*T).Run in goroutine 115
        	/usr/local/go/src/testing/testing.go:1743 +0x314
=== RUN   TestUserControllerTestSuite/TestLoginDelegation
    panic.go:262: test panicked: runtime error: invalid memory address or nil pointer dereference
        goroutine 125 [running]:
        runtime/debug.Stack()
        	/usr/local/go/src/runtime/debug/stack.go:26 +0x64
        github.com/stretchr/testify/suite.failOnPanic(0x140002f11e0, {0x1056fc800, 0x105c7dd40})
        	/Users/nakulbhandare/go/pkg/mod/github.com/stretchr/testify@v1.11.1/suite/suite.go:89 +0x38
        github.com/stretchr/testify/suite.Run.func1.1()
        	/Users/nakulbhandare/go/pkg/mod/github.com/stretchr/testify@v1.11.1/suite/suite.go:184 +0x20c
        panic({0x1056fc800?, 0x105c7dd40?})
        	/usr/local/go/src/runtime/panic.go:785 +0x124
        fieldfuze-backend/middelware.(*JWTManager).handleLoginAuthentication(0x0, 0x140004ddc00)
        	/Users/nakulbhandare/go/src/github.com/field_fuze_backend/middelware/auth.go:1168 +0xee8
        fieldfuze-backend/middelware.(*JWTManager).HandleLogin(...)
        	/Users/nakulbhandare/go/src/github.com/field_fuze_backend/middelware/auth.go:1161
        fieldfuze-backend/controller.(*UserController).Login(...)
        	/Users/nakulbhandare/go/src/github.com/field_fuze_backend/controller/user_controller.go:323
        fieldfuze-backend/controller.(*UserControllerTestSuite).TestLoginDelegation(0x1400027db20)
        	/Users/nakulbhandare/go/src/github.com/field_fuze_backend/controller/user_controller_test.go:572 +0x168
        reflect.Value.call({0x140004f9e40?, 0x140000b77a8?, 0x1400010eda8?}, {0x105533e34, 0x4}, {0x1400010ef20, 0x1, 0x105463948?})
        	/usr/local/go/src/reflect/value.go:581 +0x97c
        reflect.Value.Call({0x140004f9e40?, 0x140000b77a8?, 0x105b0b998?}, {0x1400010ef20?, 0xf?, 0x0?})
        	/usr/local/go/src/reflect/value.go:365 +0x94
        github.com/stretchr/testify/suite.Run.func1(0x140002f11e0)
        	/Users/nakulbhandare/go/pkg/mod/github.com/stretchr/testify@v1.11.1/suite/suite.go:196 +0x378
        testing.tRunner(0x140002f11e0, 0x140003034d0)
        	/usr/local/go/src/testing/testing.go:1690 +0xe4
        created by testing.(*T).Run in goroutine 115
        	/usr/local/go/src/testing/testing.go:1743 +0x314
=== RUN   TestUserControllerTestSuite/TestLogout
    user_controller_test.go:624: 
        	Error Trace:	/Users/nakulbhandare/go/src/github.com/field_fuze_backend/controller/user_controller_test.go:624
        	Error:      	Not equal: 
        	            	expected: 200
        	            	actual  : 401
        	Test:       	TestUserControllerTestSuite/TestLogout
    user_controller_test.go:629: 
        	Error Trace:	/Users/nakulbhandare/go/src/github.com/field_fuze_backend/controller/user_controller_test.go:629
        	Error:      	Not equal: 
        	            	expected: "success"
        	            	actual  : "error"
        	            	
        	            	Diff:
        	            	--- Expected
        	            	+++ Actual
        	            	@@ -1 +1 @@
        	            	-success
        	            	+error
        	Test:       	TestUserControllerTestSuite/TestLogout
    user_controller_test.go:630: 
        	Error Trace:	/Users/nakulbhandare/go/src/github.com/field_fuze_backend/controller/user_controller_test.go:630
        	Error:      	Not equal: 
        	            	expected: "Logged out successfully"
        	            	actual  : "Authentication required"
        	            	
        	            	Diff:
        	            	--- Expected
        	            	+++ Actual
        	            	@@ -1 +1 @@
        	            	-Logged out successfully
        	            	+Authentication required
        	Test:       	TestUserControllerTestSuite/TestLogout
=== RUN   TestUserControllerTestSuite/TestRegisterInvalidJSON
=== RUN   TestUserControllerTestSuite/TestRegisterLogic
=== RUN   TestUserControllerTestSuite/TestRegisterServiceError
=== RUN   TestUserControllerTestSuite/TestUpdateUser
=== RUN   TestUserControllerTestSuite/TestUpdateUserInvalidJSON
=== RUN   TestUserControllerTestSuite/TestUpdateUserServiceError
=== RUN   TestUserControllerTestSuite/TestUpdateUserWithEmptyID
=== RUN   TestUserControllerTestSuite/TestValidateTokenDelegation
    panic.go:262: test panicked: runtime error: invalid memory address or nil pointer dereference
        goroutine 149 [running]:
        runtime/debug.Stack()
        	/usr/local/go/src/runtime/debug/stack.go:26 +0x64
        github.com/stretchr/testify/suite.failOnPanic(0x1400035e340, {0x1056fc800, 0x105c7dd40})
        	/Users/nakulbhandare/go/pkg/mod/github.com/stretchr/testify@v1.11.1/suite/suite.go:89 +0x38
        github.com/stretchr/testify/suite.Run.func1.1()
        	/Users/nakulbhandare/go/pkg/mod/github.com/stretchr/testify@v1.11.1/suite/suite.go:184 +0x20c
        panic({0x1056fc800?, 0x105c7dd40?})
        	/usr/local/go/src/runtime/panic.go:785 +0x124
        fieldfuze-backend/middelware.(*JWTManager).ValidateTokenEndpoint(0x0, 0x14000256600)
        	/Users/nakulbhandare/go/src/github.com/field_fuze_backend/middelware/auth.go:1462 +0x100
        fieldfuze-backend/controller.(*UserController).ValidateToken(...)
        	/Users/nakulbhandare/go/src/github.com/field_fuze_backend/controller/user_controller.go:416
        fieldfuze-backend/controller.(*UserControllerTestSuite).TestValidateTokenDelegation(0x1400027db20)
        	/Users/nakulbhandare/go/src/github.com/field_fuze_backend/controller/user_controller_test.go:605 +0x168
        reflect.Value.call({0x140004f9e40?, 0x140000b77f0?, 0x1400010eda8?}, {0x105533e34, 0x4}, {0x1400010ef20, 0x1, 0x105463948?})
        	/usr/local/go/src/reflect/value.go:581 +0x97c
        reflect.Value.Call({0x140004f9e40?, 0x140000b77f0?, 0x105b0b998?}, {0x1400010ef20?, 0xf?, 0x0?})
        	/usr/local/go/src/reflect/value.go:365 +0x94
        github.com/stretchr/testify/suite.Run.func1(0x1400035e340)
        	/Users/nakulbhandare/go/pkg/mod/github.com/stretchr/testify@v1.11.1/suite/suite.go:196 +0x378
        testing.tRunner(0x1400035e340, 0x140003039e0)
        	/usr/local/go/src/testing/testing.go:1690 +0xe4
        created by testing.(*T).Run in goroutine 115
        	/usr/local/go/src/testing/testing.go:1743 +0x314
--- FAIL: TestUserControllerTestSuite (0.00s)
    --- PASS: TestUserControllerTestSuite/TestAssignRole (0.00s)
    --- PASS: TestUserControllerTestSuite/TestAssignRoleServiceError (0.00s)
    --- PASS: TestUserControllerTestSuite/TestDetachRole (0.00s)
    --- PASS: TestUserControllerTestSuite/TestGenerateTokenDelegation (0.00s)
    --- PASS: TestUserControllerTestSuite/TestGetUser (0.00s)
    --- PASS: TestUserControllerTestSuite/TestGetUserList (0.00s)
    --- PASS: TestUserControllerTestSuite/TestGetUserListServiceError (0.00s)
    --- FAIL: TestUserControllerTestSuite/TestGetUserNotFound (0.00s)
    --- FAIL: TestUserControllerTestSuite/TestGetUserWithEmptyID (0.00s)
    --- FAIL: TestUserControllerTestSuite/TestLoginDelegation (0.00s)
    --- FAIL: TestUserControllerTestSuite/TestLogout (0.00s)
    --- PASS: TestUserControllerTestSuite/TestRegisterInvalidJSON (0.00s)
    --- PASS: TestUserControllerTestSuite/TestRegisterLogic (0.00s)
    --- PASS: TestUserControllerTestSuite/TestRegisterServiceError (0.00s)
    --- PASS: TestUserControllerTestSuite/TestUpdateUser (0.00s)
    --- PASS: TestUserControllerTestSuite/TestUpdateUserInvalidJSON (0.00s)
    --- PASS: TestUserControllerTestSuite/TestUpdateUserServiceError (0.00s)
    --- PASS: TestUserControllerTestSuite/TestUpdateUserWithEmptyID (0.00s)
    --- FAIL: TestUserControllerTestSuite/TestValidateTokenDelegation (0.00s)
FAIL
FAIL	fieldfuze-backend/controller	0.284s
=== RUN   TestDALTestSuite
=== RUN   TestDALTestSuite/TestCreateTable
=== RUN   TestDALTestSuite/TestCreateTableError
=== RUN   TestDALTestSuite/TestDeleteItem
=== RUN   TestDALTestSuite/TestDeleteItemError
=== RUN   TestDALTestSuite/TestDeleteTable
=== RUN   TestDALTestSuite/TestDeleteTableError
=== RUN   TestDALTestSuite/TestDescribeTable
=== RUN   TestDALTestSuite/TestDescribeTableError
=== RUN   TestDALTestSuite/TestGetDatabaseClient
=== RUN   TestDALTestSuite/TestGetItemByIndex
=== RUN   TestDALTestSuite/TestGetItemByPrimaryKey
=== RUN   TestDALTestSuite/TestGetItemByPrimaryKeyError
=== RUN   TestDALTestSuite/TestGetItemByPrimaryKeyNotFound
=== RUN   TestDALTestSuite/TestPrintPrettyJSON
=== RUN   TestDALTestSuite/TestPrintPrettyJSONWithInvalidData
=== RUN   TestDALTestSuite/TestPrintPrettyJSONWithNil
=== RUN   TestDALTestSuite/TestPutItem
=== RUN   TestDALTestSuite/TestPutItemError
=== RUN   TestDALTestSuite/TestQueryByIndex
=== RUN   TestDALTestSuite/TestQueryByIndexError
=== RUN   TestDALTestSuite/TestScan
=== RUN   TestDALTestSuite/TestScanError
=== RUN   TestDALTestSuite/TestScanTable
=== RUN   TestDALTestSuite/TestUpdateItem
=== RUN   TestDALTestSuite/TestUpdateItemError
--- PASS: TestDALTestSuite (0.00s)
    --- PASS: TestDALTestSuite/TestCreateTable (0.00s)
    --- PASS: TestDALTestSuite/TestCreateTableError (0.00s)
    --- PASS: TestDALTestSuite/TestDeleteItem (0.00s)
    --- PASS: TestDALTestSuite/TestDeleteItemError (0.00s)
    --- PASS: TestDALTestSuite/TestDeleteTable (0.00s)
    --- PASS: TestDALTestSuite/TestDeleteTableError (0.00s)
    --- PASS: TestDALTestSuite/TestDescribeTable (0.00s)
    --- PASS: TestDALTestSuite/TestDescribeTableError (0.00s)
    --- PASS: TestDALTestSuite/TestGetDatabaseClient (0.00s)
    --- PASS: TestDALTestSuite/TestGetItemByIndex (0.00s)
    --- PASS: TestDALTestSuite/TestGetItemByPrimaryKey (0.00s)
    --- PASS: TestDALTestSuite/TestGetItemByPrimaryKeyError (0.00s)
    --- PASS: TestDALTestSuite/TestGetItemByPrimaryKeyNotFound (0.00s)
    --- PASS: TestDALTestSuite/TestPrintPrettyJSON (0.00s)
    --- PASS: TestDALTestSuite/TestPrintPrettyJSONWithInvalidData (0.00s)
    --- PASS: TestDALTestSuite/TestPrintPrettyJSONWithNil (0.00s)
    --- PASS: TestDALTestSuite/TestPutItem (0.00s)
    --- PASS: TestDALTestSuite/TestPutItemError (0.00s)
    --- PASS: TestDALTestSuite/TestQueryByIndex (0.00s)
    --- PASS: TestDALTestSuite/TestQueryByIndexError (0.00s)
    --- PASS: TestDALTestSuite/TestScan (0.00s)
    --- PASS: TestDALTestSuite/TestScanError (0.00s)
    --- PASS: TestDALTestSuite/TestScanTable (0.00s)
    --- PASS: TestDALTestSuite/TestUpdateItem (0.00s)
    --- PASS: TestDALTestSuite/TestUpdateItemError (0.00s)
=== RUN   TestNewDALContainerSuccess
--- PASS: TestNewDALContainerSuccess (0.00s)
=== RUN   TestAttributeTypes
--- PASS: TestAttributeTypes (0.00s)
=== RUN   TestQueryConfig
--- PASS: TestQueryConfig (0.00s)
=== RUN   TestPrintPrettyJSONEdgeCases
=== RUN   TestPrintPrettyJSONEdgeCases/Empty_map
=== RUN   TestPrintPrettyJSONEdgeCases/Empty_slice
=== RUN   TestPrintPrettyJSONEdgeCases/String_value
=== RUN   TestPrintPrettyJSONEdgeCases/Number_value
=== RUN   TestPrintPrettyJSONEdgeCases/Boolean_value
--- PASS: TestPrintPrettyJSONEdgeCases (0.00s)
    --- PASS: TestPrintPrettyJSONEdgeCases/Empty_map (0.00s)
    --- PASS: TestPrintPrettyJSONEdgeCases/Empty_slice (0.00s)
    --- PASS: TestPrintPrettyJSONEdgeCases/String_value (0.00s)
    --- PASS: TestPrintPrettyJSONEdgeCases/Number_value (0.00s)
    --- PASS: TestPrintPrettyJSONEdgeCases/Boolean_value (0.00s)
=== RUN   TestDALContainerInterface
--- PASS: TestDALContainerInterface (0.00s)
=== RUN   TestDatabaseClientInterface
--- PASS: TestDatabaseClientInterface (0.00s)
=== RUN   TestMockClientMethodSignatures
--- PASS: TestMockClientMethodSignatures (0.00s)
PASS
ok  	fieldfuze-backend/dal	(cached)
=== RUN   TestAuthMiddlewareTestSuite
=== RUN   TestAuthMiddlewareTestSuite/TestAuthMiddleware
=== RUN   TestAuthMiddlewareTestSuite/TestAuthMiddlewareInvalidFormat
=== RUN   TestAuthMiddlewareTestSuite/TestAuthMiddlewareMissingHeader
=== RUN   TestAuthMiddlewareTestSuite/TestCleanupExpiredTokens
=== RUN   TestAuthMiddlewareTestSuite/TestClearPermissionCache
=== RUN   TestAuthMiddlewareTestSuite/TestDetectAPIPermission
=== RUN   TestAuthMiddlewareTestSuite/TestGenerateToken
=== RUN   TestAuthMiddlewareTestSuite/TestGenerateTokenError
=== RUN   TestAuthMiddlewareTestSuite/TestGetAuthMetrics
=== RUN   TestAuthMiddlewareTestSuite/TestHandleLoginInvalidJSON
=== RUN   TestAuthMiddlewareTestSuite/TestHandleLoginMissingFields
=== RUN   TestAuthMiddlewareTestSuite/TestHandleLoginWithoutRepo
=== RUN   TestAuthMiddlewareTestSuite/TestIsValidPermission
=== RUN   TestAuthMiddlewareTestSuite/TestNewJWTManager
=== RUN   TestAuthMiddlewareTestSuite/TestNewSmartPermissionEvaluator
=== RUN   TestAuthMiddlewareTestSuite/TestRequireOwnership
=== RUN   TestAuthMiddlewareTestSuite/TestRequireOwnershipDenied
=== RUN   TestAuthMiddlewareTestSuite/TestRequirePermission
=== RUN   TestAuthMiddlewareTestSuite/TestRequireRole
=== RUN   TestAuthMiddlewareTestSuite/TestRequireRoleInsufficientPermissions
=== RUN   TestAuthMiddlewareTestSuite/TestRequireSmartPermission
=== RUN   TestAuthMiddlewareTestSuite/TestRevokeUserToken
=== RUN   TestAuthMiddlewareTestSuite/TestSetActiveToken
=== RUN   TestAuthMiddlewareTestSuite/TestSetActiveTokenWithPrevious
=== RUN   TestAuthMiddlewareTestSuite/TestStandardPermissions
=== RUN   TestAuthMiddlewareTestSuite/TestValidateTokenBlacklisted
=== RUN   TestAuthMiddlewareTestSuite/TestValidateTokenEndpoint
=== RUN   TestAuthMiddlewareTestSuite/TestValidateTokenExpired
=== RUN   TestAuthMiddlewareTestSuite/TestValidateTokenInvalid
=== RUN   TestAuthMiddlewareTestSuite/TestValidateTokenWithoutRepo
--- PASS: TestAuthMiddlewareTestSuite (0.01s)
    --- PASS: TestAuthMiddlewareTestSuite/TestAuthMiddleware (0.00s)
    --- PASS: TestAuthMiddlewareTestSuite/TestAuthMiddlewareInvalidFormat (0.00s)
    --- PASS: TestAuthMiddlewareTestSuite/TestAuthMiddlewareMissingHeader (0.00s)
    --- PASS: TestAuthMiddlewareTestSuite/TestCleanupExpiredTokens (0.00s)
    --- PASS: TestAuthMiddlewareTestSuite/TestClearPermissionCache (0.00s)
    --- PASS: TestAuthMiddlewareTestSuite/TestDetectAPIPermission (0.00s)
    --- PASS: TestAuthMiddlewareTestSuite/TestGenerateToken (0.00s)
    --- PASS: TestAuthMiddlewareTestSuite/TestGenerateTokenError (0.00s)
    --- PASS: TestAuthMiddlewareTestSuite/TestGetAuthMetrics (0.00s)
    --- PASS: TestAuthMiddlewareTestSuite/TestHandleLoginInvalidJSON (0.00s)
    --- PASS: TestAuthMiddlewareTestSuite/TestHandleLoginMissingFields (0.00s)
    --- PASS: TestAuthMiddlewareTestSuite/TestHandleLoginWithoutRepo (0.00s)
    --- PASS: TestAuthMiddlewareTestSuite/TestIsValidPermission (0.00s)
    --- PASS: TestAuthMiddlewareTestSuite/TestNewJWTManager (0.00s)
    --- PASS: TestAuthMiddlewareTestSuite/TestNewSmartPermissionEvaluator (0.00s)
    --- PASS: TestAuthMiddlewareTestSuite/TestRequireOwnership (0.00s)
    --- PASS: TestAuthMiddlewareTestSuite/TestRequireOwnershipDenied (0.00s)
    --- PASS: TestAuthMiddlewareTestSuite/TestRequirePermission (0.00s)
    --- PASS: TestAuthMiddlewareTestSuite/TestRequireRole (0.00s)
    --- PASS: TestAuthMiddlewareTestSuite/TestRequireRoleInsufficientPermissions (0.00s)
    --- PASS: TestAuthMiddlewareTestSuite/TestRequireSmartPermission (0.00s)
    --- PASS: TestAuthMiddlewareTestSuite/TestRevokeUserToken (0.00s)
    --- PASS: TestAuthMiddlewareTestSuite/TestSetActiveToken (0.00s)
    --- PASS: TestAuthMiddlewareTestSuite/TestSetActiveTokenWithPrevious (0.00s)
    --- PASS: TestAuthMiddlewareTestSuite/TestStandardPermissions (0.00s)
    --- PASS: TestAuthMiddlewareTestSuite/TestValidateTokenBlacklisted (0.00s)
    --- PASS: TestAuthMiddlewareTestSuite/TestValidateTokenEndpoint (0.00s)
    --- PASS: TestAuthMiddlewareTestSuite/TestValidateTokenExpired (0.00s)
    --- PASS: TestAuthMiddlewareTestSuite/TestValidateTokenInvalid (0.00s)
    --- PASS: TestAuthMiddlewareTestSuite/TestValidateTokenWithoutRepo (0.00s)
=== RUN   TestPermissionCache
--- PASS: TestPermissionCache (0.00s)
=== RUN   TestSmartPermissionEvaluator
--- PASS: TestSmartPermissionEvaluator (0.00s)
=== RUN   TestCorePermissionConstants
--- PASS: TestCorePermissionConstants (0.00s)
=== RUN   TestHTTPMethodConstants
--- PASS: TestHTTPMethodConstants (0.00s)
=== RUN   TestAdvancedPermissionMatching
--- PASS: TestAdvancedPermissionMatching (0.00s)
=== RUN   TestHasRole
--- PASS: TestHasRole (0.00s)
=== RUN   TestHasPermission
--- PASS: TestHasPermission (0.00s)
=== RUN   TestInitializeAdvancedFeatures
--- PASS: TestInitializeAdvancedFeatures (0.00s)
PASS
ok  	fieldfuze-backend/middelware	(cached)
=== RUN   TestInfrastructureServiceTestSuite
=== RUN   TestInfrastructureServiceTestSuite/TestAutoRestartIfNeededHealthy
=== RUN   TestInfrastructureServiceTestSuite/TestAutoRestartIfNeededUnhealthy
=== RUN   TestInfrastructureServiceTestSuite/TestCalculateProgress
=== RUN   TestInfrastructureServiceTestSuite/TestCalculateProgressEdgeCases
=== RUN   TestInfrastructureServiceTestSuite/TestDurationPtr
=== RUN   TestInfrastructureServiceTestSuite/TestEnrichStatusWithContext
=== RUN   TestInfrastructureServiceTestSuite/TestEnrichStatusWithContext/Creating_Tables
=== RUN   TestInfrastructureServiceTestSuite/TestEnrichStatusWithContext/Waiting_for_Tables
=== RUN   TestInfrastructureServiceTestSuite/TestEnrichStatusWithContext/Creating_Indexes
=== RUN   TestInfrastructureServiceTestSuite/TestEnrichStatusWithContext/Validating
=== RUN   TestInfrastructureServiceTestSuite/TestGetRetryCountFromMetadata
=== RUN   TestInfrastructureServiceTestSuite/TestGetWorkerStatus
=== RUN   TestInfrastructureServiceTestSuite/TestGetWorkerStatusConcurrentAccess
=== RUN   TestInfrastructureServiceTestSuite/TestGetWorkerStatusFileNotFound
=== RUN   TestInfrastructureServiceTestSuite/TestGetWorkerStatusInvalidJSON
=== RUN   TestInfrastructureServiceTestSuite/TestIsWorkerHealthy
=== RUN   TestInfrastructureServiceTestSuite/TestIsWorkerHealthyFailed
=== RUN   TestInfrastructureServiceTestSuite/TestIsWorkerHealthyNoStatusFile
=== RUN   TestInfrastructureServiceTestSuite/TestKillWorkerProcess
=== RUN   TestInfrastructureServiceTestSuite/TestNewInfrastructureService
=== RUN   TestInfrastructureServiceTestSuite/TestResetWorkerStatus
=== RUN   TestInfrastructureServiceTestSuite/TestRestartWorkerEdgeCases
=== RUN   TestInfrastructureServiceTestSuite/TestRestartWorkerNoStatusFile
=== RUN   TestInfrastructureServiceTestSuite/TestRestartWorkerWithForce
=== RUN   TestInfrastructureServiceTestSuite/TestRestartWorkerWithoutForce
=== RUN   TestInfrastructureServiceTestSuite/TestStartWorkerProcess
=== RUN   TestInfrastructureServiceTestSuite/TestUpdateHealthIndicators
--- PASS: TestInfrastructureServiceTestSuite (0.01s)
    --- PASS: TestInfrastructureServiceTestSuite/TestAutoRestartIfNeededHealthy (0.00s)
    --- PASS: TestInfrastructureServiceTestSuite/TestAutoRestartIfNeededUnhealthy (0.00s)
    --- PASS: TestInfrastructureServiceTestSuite/TestCalculateProgress (0.00s)
    --- PASS: TestInfrastructureServiceTestSuite/TestCalculateProgressEdgeCases (0.00s)
    --- PASS: TestInfrastructureServiceTestSuite/TestDurationPtr (0.00s)
    --- PASS: TestInfrastructureServiceTestSuite/TestEnrichStatusWithContext (0.00s)
        --- PASS: TestInfrastructureServiceTestSuite/TestEnrichStatusWithContext/Creating_Tables (0.00s)
        --- PASS: TestInfrastructureServiceTestSuite/TestEnrichStatusWithContext/Waiting_for_Tables (0.00s)
        --- PASS: TestInfrastructureServiceTestSuite/TestEnrichStatusWithContext/Creating_Indexes (0.00s)
        --- PASS: TestInfrastructureServiceTestSuite/TestEnrichStatusWithContext/Validating (0.00s)
    --- PASS: TestInfrastructureServiceTestSuite/TestGetRetryCountFromMetadata (0.00s)
    --- PASS: TestInfrastructureServiceTestSuite/TestGetWorkerStatus (0.00s)
    --- PASS: TestInfrastructureServiceTestSuite/TestGetWorkerStatusConcurrentAccess (0.00s)
    --- PASS: TestInfrastructureServiceTestSuite/TestGetWorkerStatusFileNotFound (0.00s)
    --- PASS: TestInfrastructureServiceTestSuite/TestGetWorkerStatusInvalidJSON (0.00s)
    --- PASS: TestInfrastructureServiceTestSuite/TestIsWorkerHealthy (0.00s)
    --- PASS: TestInfrastructureServiceTestSuite/TestIsWorkerHealthyFailed (0.00s)
    --- PASS: TestInfrastructureServiceTestSuite/TestIsWorkerHealthyNoStatusFile (0.00s)
    --- PASS: TestInfrastructureServiceTestSuite/TestKillWorkerProcess (0.00s)
    --- PASS: TestInfrastructureServiceTestSuite/TestNewInfrastructureService (0.00s)
    --- PASS: TestInfrastructureServiceTestSuite/TestResetWorkerStatus (0.00s)
    --- PASS: TestInfrastructureServiceTestSuite/TestRestartWorkerEdgeCases (0.00s)
    --- PASS: TestInfrastructureServiceTestSuite/TestRestartWorkerNoStatusFile (0.00s)
    --- PASS: TestInfrastructureServiceTestSuite/TestRestartWorkerWithForce (0.00s)
    --- PASS: TestInfrastructureServiceTestSuite/TestRestartWorkerWithoutForce (0.00s)
    --- PASS: TestInfrastructureServiceTestSuite/TestStartWorkerProcess (0.00s)
    --- PASS: TestInfrastructureServiceTestSuite/TestUpdateHealthIndicators (0.00s)
=== RUN   TestOrganizationServiceTestSuite
=== RUN   TestOrganizationServiceTestSuite/TestConcurrentAccess
=== RUN   TestOrganizationServiceTestSuite/TestCreateOrganization
=== RUN   TestOrganizationServiceTestSuite/TestCreateOrganizationRepositoryError
=== RUN   TestOrganizationServiceTestSuite/TestCreateOrganizationValidationErrors
=== RUN   TestOrganizationServiceTestSuite/TestCreateOrganizationValidationErrors/Nil_organization
=== RUN   TestOrganizationServiceTestSuite/TestCreateOrganizationValidationErrors/Empty_name
=== RUN   TestOrganizationServiceTestSuite/TestCreateOrganizationValidationErrors/Whitespace_only_name
=== RUN   TestOrganizationServiceTestSuite/TestCreateOrganizationValidationErrors/Name_too_long
=== RUN   TestOrganizationServiceTestSuite/TestCreateOrganizationValidationErrors/Invalid_email
=== RUN   TestOrganizationServiceTestSuite/TestCreateOrganizationValidationErrors/Invalid_phone
=== RUN   TestOrganizationServiceTestSuite/TestCreateOrganizationValidationErrors/Address_too_long
=== RUN   TestOrganizationServiceTestSuite/TestCreateOrganizationValidationErrors/City_too_short
=== RUN   TestOrganizationServiceTestSuite/TestCreateOrganizationValidationErrors/City_too_long
=== RUN   TestOrganizationServiceTestSuite/TestCreateOrganizationValidationErrors/State_too_short
=== RUN   TestOrganizationServiceTestSuite/TestCreateOrganizationValidationErrors/State_too_long
=== RUN   TestOrganizationServiceTestSuite/TestCreateOrganizationValidationErrors/Country_too_short
=== RUN   TestOrganizationServiceTestSuite/TestCreateOrganizationValidationErrors/Country_too_long
=== RUN   TestOrganizationServiceTestSuite/TestCreateOrganizationValidationErrors/Postal_code_too_short
=== RUN   TestOrganizationServiceTestSuite/TestCreateOrganizationValidationErrors/Postal_code_too_long
=== RUN   TestOrganizationServiceTestSuite/TestCreateOrganizationValidationErrors/Industry_too_short
=== RUN   TestOrganizationServiceTestSuite/TestCreateOrganizationValidationErrors/Industry_too_long
=== RUN   TestOrganizationServiceTestSuite/TestCreateOrganizationWithOptionalFields
=== RUN   TestOrganizationServiceTestSuite/TestDeleteOrganization
=== RUN   TestOrganizationServiceTestSuite/TestDeleteOrganizationAssignment
=== RUN   TestOrganizationServiceTestSuite/TestDeleteOrganizationAssignmentRepositoryError
=== RUN   TestOrganizationServiceTestSuite/TestDeleteOrganizationRepositoryError
=== RUN   TestOrganizationServiceTestSuite/TestGetOrganizationAssignmentsByStatus
=== RUN   TestOrganizationServiceTestSuite/TestGetOrganizationAssignmentsByStatusError
=== RUN   TestOrganizationServiceTestSuite/TestGetOrganizationByID
=== RUN   TestOrganizationServiceTestSuite/TestGetOrganizationByIDNotFound
=== RUN   TestOrganizationServiceTestSuite/TestGetOrganizationByIDRepositoryError
=== RUN   TestOrganizationServiceTestSuite/TestGetOrganizations
=== RUN   TestOrganizationServiceTestSuite/TestGetOrganizationsError
=== RUN   TestOrganizationServiceTestSuite/TestIsValidEmail
=== RUN   TestOrganizationServiceTestSuite/TestNewOrganizationService
=== RUN   TestOrganizationServiceTestSuite/TestPhoneValidation
=== RUN   TestOrganizationServiceTestSuite/TestUpdateOrganization
=== RUN   TestOrganizationServiceTestSuite/TestUpdateOrganizationAssignment
=== RUN   TestOrganizationServiceTestSuite/TestUpdateOrganizationRepositoryError
=== RUN   TestOrganizationServiceTestSuite/TestUpdateOrganizationValidationError
=== RUN   TestOrganizationServiceTestSuite/TestValidateCreateOrganizationWithWhitespace
--- PASS: TestOrganizationServiceTestSuite (0.00s)
    --- PASS: TestOrganizationServiceTestSuite/TestConcurrentAccess (0.00s)
    --- PASS: TestOrganizationServiceTestSuite/TestCreateOrganization (0.00s)
    --- PASS: TestOrganizationServiceTestSuite/TestCreateOrganizationRepositoryError (0.00s)
    --- PASS: TestOrganizationServiceTestSuite/TestCreateOrganizationValidationErrors (0.00s)
        --- PASS: TestOrganizationServiceTestSuite/TestCreateOrganizationValidationErrors/Nil_organization (0.00s)
        --- PASS: TestOrganizationServiceTestSuite/TestCreateOrganizationValidationErrors/Empty_name (0.00s)
        --- PASS: TestOrganizationServiceTestSuite/TestCreateOrganizationValidationErrors/Whitespace_only_name (0.00s)
        --- PASS: TestOrganizationServiceTestSuite/TestCreateOrganizationValidationErrors/Name_too_long (0.00s)
        --- PASS: TestOrganizationServiceTestSuite/TestCreateOrganizationValidationErrors/Invalid_email (0.00s)
        --- PASS: TestOrganizationServiceTestSuite/TestCreateOrganizationValidationErrors/Invalid_phone (0.00s)
        --- PASS: TestOrganizationServiceTestSuite/TestCreateOrganizationValidationErrors/Address_too_long (0.00s)
        --- PASS: TestOrganizationServiceTestSuite/TestCreateOrganizationValidationErrors/City_too_short (0.00s)
        --- PASS: TestOrganizationServiceTestSuite/TestCreateOrganizationValidationErrors/City_too_long (0.00s)
        --- PASS: TestOrganizationServiceTestSuite/TestCreateOrganizationValidationErrors/State_too_short (0.00s)
        --- PASS: TestOrganizationServiceTestSuite/TestCreateOrganizationValidationErrors/State_too_long (0.00s)
        --- PASS: TestOrganizationServiceTestSuite/TestCreateOrganizationValidationErrors/Country_too_short (0.00s)
        --- PASS: TestOrganizationServiceTestSuite/TestCreateOrganizationValidationErrors/Country_too_long (0.00s)
        --- PASS: TestOrganizationServiceTestSuite/TestCreateOrganizationValidationErrors/Postal_code_too_short (0.00s)
        --- PASS: TestOrganizationServiceTestSuite/TestCreateOrganizationValidationErrors/Postal_code_too_long (0.00s)
        --- PASS: TestOrganizationServiceTestSuite/TestCreateOrganizationValidationErrors/Industry_too_short (0.00s)
        --- PASS: TestOrganizationServiceTestSuite/TestCreateOrganizationValidationErrors/Industry_too_long (0.00s)
    --- PASS: TestOrganizationServiceTestSuite/TestCreateOrganizationWithOptionalFields (0.00s)
    --- PASS: TestOrganizationServiceTestSuite/TestDeleteOrganization (0.00s)
    --- PASS: TestOrganizationServiceTestSuite/TestDeleteOrganizationAssignment (0.00s)
    --- PASS: TestOrganizationServiceTestSuite/TestDeleteOrganizationAssignmentRepositoryError (0.00s)
    --- PASS: TestOrganizationServiceTestSuite/TestDeleteOrganizationRepositoryError (0.00s)
    --- PASS: TestOrganizationServiceTestSuite/TestGetOrganizationAssignmentsByStatus (0.00s)
    --- PASS: TestOrganizationServiceTestSuite/TestGetOrganizationAssignmentsByStatusError (0.00s)
    --- PASS: TestOrganizationServiceTestSuite/TestGetOrganizationByID (0.00s)
    --- PASS: TestOrganizationServiceTestSuite/TestGetOrganizationByIDNotFound (0.00s)
    --- PASS: TestOrganizationServiceTestSuite/TestGetOrganizationByIDRepositoryError (0.00s)
    --- PASS: TestOrganizationServiceTestSuite/TestGetOrganizations (0.00s)
    --- PASS: TestOrganizationServiceTestSuite/TestGetOrganizationsError (0.00s)
    --- PASS: TestOrganizationServiceTestSuite/TestIsValidEmail (0.00s)
    --- PASS: TestOrganizationServiceTestSuite/TestNewOrganizationService (0.00s)
    --- PASS: TestOrganizationServiceTestSuite/TestPhoneValidation (0.00s)
    --- PASS: TestOrganizationServiceTestSuite/TestUpdateOrganization (0.00s)
    --- PASS: TestOrganizationServiceTestSuite/TestUpdateOrganizationAssignment (0.00s)
    --- PASS: TestOrganizationServiceTestSuite/TestUpdateOrganizationRepositoryError (0.00s)
    --- PASS: TestOrganizationServiceTestSuite/TestUpdateOrganizationValidationError (0.00s)
    --- PASS: TestOrganizationServiceTestSuite/TestValidateCreateOrganizationWithWhitespace (0.00s)
=== RUN   TestRoleServiceTestSuite
=== RUN   TestRoleServiceTestSuite/TestCreateRole
=== RUN   TestRoleServiceTestSuite/TestCreateRoleRepositoryError
=== RUN   TestRoleServiceTestSuite/TestCreateRoleValidationErrors
=== RUN   TestRoleServiceTestSuite/TestCreateRoleValidationErrors/Nil_role_assignment
=== RUN   TestRoleServiceTestSuite/TestCreateRoleValidationErrors/Empty_role_name
=== RUN   TestRoleServiceTestSuite/TestCreateRoleValidationErrors/Role_name_too_long
=== RUN   TestRoleServiceTestSuite/TestCreateRoleValidationErrors/Level_too_low
=== RUN   TestRoleServiceTestSuite/TestCreateRoleValidationErrors/Level_too_high
=== RUN   TestRoleServiceTestSuite/TestCreateRoleValidationErrors/No_permissions
=== RUN   TestRoleServiceTestSuite/TestCreateRoleValidationErrors/Empty_permission
=== RUN   TestRoleServiceTestSuite/TestCreateRoleWithWhitespace
=== RUN   TestRoleServiceTestSuite/TestDeleteRole
=== RUN   TestRoleServiceTestSuite/TestDeleteRoleAssignment
=== RUN   TestRoleServiceTestSuite/TestDeleteRoleAssignmentRepositoryError
=== RUN   TestRoleServiceTestSuite/TestDeleteRoleAssignmentValidationError
=== RUN   TestRoleServiceTestSuite/TestDeleteRoleRepositoryError
=== RUN   TestRoleServiceTestSuite/TestDeleteRoleValidationError
=== RUN   TestRoleServiceTestSuite/TestGetRoleAssignmentByID
=== RUN   TestRoleServiceTestSuite/TestGetRoleAssignmentByIDNotFound
=== RUN   TestRoleServiceTestSuite/TestGetRoleAssignmentByIDValidationErrors
=== RUN   TestRoleServiceTestSuite/TestGetRoleAssignmentByIDValidationErrors/Empty_role_ID
=== RUN   TestRoleServiceTestSuite/TestGetRoleAssignmentByIDValidationErrors/Whitespace_only_role_ID
=== RUN   TestRoleServiceTestSuite/TestGetRoleAssignments
=== RUN   TestRoleServiceTestSuite/TestGetRoleAssignmentsByStatus
=== RUN   TestRoleServiceTestSuite/TestGetRoleAssignmentsByStatusRepositoryError
=== RUN   TestRoleServiceTestSuite/TestGetRoleAssignmentsByStatusValidationError
=== RUN   TestRoleServiceTestSuite/TestGetRoleAssignmentsError
=== RUN   TestRoleServiceTestSuite/TestGetRoleByName
=== RUN   TestRoleServiceTestSuite/TestGetRoleByNameNotFound
=== RUN   TestRoleServiceTestSuite/TestGetRoleByNameValidationErrors
=== RUN   TestRoleServiceTestSuite/TestGetRoleByNameValidationErrors/Empty_role_name
=== RUN   TestRoleServiceTestSuite/TestGetRoleByNameValidationErrors/Whitespace_only_role_name
=== RUN   TestRoleServiceTestSuite/TestNewRoleService
=== RUN   TestRoleServiceTestSuite/TestUpdateRole
=== RUN   TestRoleServiceTestSuite/TestUpdateRoleAssignment
=== RUN   TestRoleServiceTestSuite/TestUpdateRoleAssignmentValidationErrors
=== RUN   TestRoleServiceTestSuite/TestUpdateRoleAssignmentValidationErrors/Empty_role_ID
=== RUN   TestRoleServiceTestSuite/TestUpdateRoleAssignmentValidationErrors/Nil_assignment
=== RUN   TestRoleServiceTestSuite/TestUpdateRoleAssignmentValidationErrors/Invalid_assignment
=== RUN   TestRoleServiceTestSuite/TestUpdateRoleValidationErrors
=== RUN   TestRoleServiceTestSuite/TestUpdateRoleValidationErrors/Empty_role_ID
=== RUN   TestRoleServiceTestSuite/TestUpdateRoleValidationErrors/Nil_request
=== RUN   TestRoleServiceTestSuite/TestUpdateRoleValidationErrors/Name_too_long
=== RUN   TestRoleServiceTestSuite/TestUpdateRoleValidationErrors/Description_too_long
=== RUN   TestRoleServiceTestSuite/TestUpdateRoleValidationErrors/Level_too_high
=== RUN   TestRoleServiceTestSuite/TestUpdateRoleValidationErrors/Level_too_low
=== RUN   TestRoleServiceTestSuite/TestUpdateRoleValidationErrors/Invalid_status
=== RUN   TestRoleServiceTestSuite/TestUpdateRoleValidationErrors/Empty_permission
=== RUN   TestRoleServiceTestSuite/TestUpdateRoleWithWhitespace
--- PASS: TestRoleServiceTestSuite (0.00s)
    --- PASS: TestRoleServiceTestSuite/TestCreateRole (0.00s)
    --- PASS: TestRoleServiceTestSuite/TestCreateRoleRepositoryError (0.00s)
    --- PASS: TestRoleServiceTestSuite/TestCreateRoleValidationErrors (0.00s)
        --- PASS: TestRoleServiceTestSuite/TestCreateRoleValidationErrors/Nil_role_assignment (0.00s)
        --- PASS: TestRoleServiceTestSuite/TestCreateRoleValidationErrors/Empty_role_name (0.00s)
        --- PASS: TestRoleServiceTestSuite/TestCreateRoleValidationErrors/Role_name_too_long (0.00s)
        --- PASS: TestRoleServiceTestSuite/TestCreateRoleValidationErrors/Level_too_low (0.00s)
        --- PASS: TestRoleServiceTestSuite/TestCreateRoleValidationErrors/Level_too_high (0.00s)
        --- PASS: TestRoleServiceTestSuite/TestCreateRoleValidationErrors/No_permissions (0.00s)
        --- PASS: TestRoleServiceTestSuite/TestCreateRoleValidationErrors/Empty_permission (0.00s)
    --- PASS: TestRoleServiceTestSuite/TestCreateRoleWithWhitespace (0.00s)
    --- PASS: TestRoleServiceTestSuite/TestDeleteRole (0.00s)
    --- PASS: TestRoleServiceTestSuite/TestDeleteRoleAssignment (0.00s)
    --- PASS: TestRoleServiceTestSuite/TestDeleteRoleAssignmentRepositoryError (0.00s)
    --- PASS: TestRoleServiceTestSuite/TestDeleteRoleAssignmentValidationError (0.00s)
    --- PASS: TestRoleServiceTestSuite/TestDeleteRoleRepositoryError (0.00s)
    --- PASS: TestRoleServiceTestSuite/TestDeleteRoleValidationError (0.00s)
    --- PASS: TestRoleServiceTestSuite/TestGetRoleAssignmentByID (0.00s)
    --- PASS: TestRoleServiceTestSuite/TestGetRoleAssignmentByIDNotFound (0.00s)
    --- PASS: TestRoleServiceTestSuite/TestGetRoleAssignmentByIDValidationErrors (0.00s)
        --- PASS: TestRoleServiceTestSuite/TestGetRoleAssignmentByIDValidationErrors/Empty_role_ID (0.00s)
        --- PASS: TestRoleServiceTestSuite/TestGetRoleAssignmentByIDValidationErrors/Whitespace_only_role_ID (0.00s)
    --- PASS: TestRoleServiceTestSuite/TestGetRoleAssignments (0.00s)
    --- PASS: TestRoleServiceTestSuite/TestGetRoleAssignmentsByStatus (0.00s)
    --- PASS: TestRoleServiceTestSuite/TestGetRoleAssignmentsByStatusRepositoryError (0.00s)
    --- PASS: TestRoleServiceTestSuite/TestGetRoleAssignmentsByStatusValidationError (0.00s)
    --- PASS: TestRoleServiceTestSuite/TestGetRoleAssignmentsError (0.00s)
    --- PASS: TestRoleServiceTestSuite/TestGetRoleByName (0.00s)
    --- PASS: TestRoleServiceTestSuite/TestGetRoleByNameNotFound (0.00s)
    --- PASS: TestRoleServiceTestSuite/TestGetRoleByNameValidationErrors (0.00s)
        --- PASS: TestRoleServiceTestSuite/TestGetRoleByNameValidationErrors/Empty_role_name (0.00s)
        --- PASS: TestRoleServiceTestSuite/TestGetRoleByNameValidationErrors/Whitespace_only_role_name (0.00s)
    --- PASS: TestRoleServiceTestSuite/TestNewRoleService (0.00s)
    --- PASS: TestRoleServiceTestSuite/TestUpdateRole (0.00s)
    --- PASS: TestRoleServiceTestSuite/TestUpdateRoleAssignment (0.00s)
    --- PASS: TestRoleServiceTestSuite/TestUpdateRoleAssignmentValidationErrors (0.00s)
        --- PASS: TestRoleServiceTestSuite/TestUpdateRoleAssignmentValidationErrors/Empty_role_ID (0.00s)
        --- PASS: TestRoleServiceTestSuite/TestUpdateRoleAssignmentValidationErrors/Nil_assignment (0.00s)
        --- PASS: TestRoleServiceTestSuite/TestUpdateRoleAssignmentValidationErrors/Invalid_assignment (0.00s)
    --- PASS: TestRoleServiceTestSuite/TestUpdateRoleValidationErrors (0.00s)
        --- PASS: TestRoleServiceTestSuite/TestUpdateRoleValidationErrors/Empty_role_ID (0.00s)
        --- PASS: TestRoleServiceTestSuite/TestUpdateRoleValidationErrors/Nil_request (0.00s)
        --- PASS: TestRoleServiceTestSuite/TestUpdateRoleValidationErrors/Name_too_long (0.00s)
        --- PASS: TestRoleServiceTestSuite/TestUpdateRoleValidationErrors/Description_too_long (0.00s)
        --- PASS: TestRoleServiceTestSuite/TestUpdateRoleValidationErrors/Level_too_high (0.00s)
        --- PASS: TestRoleServiceTestSuite/TestUpdateRoleValidationErrors/Level_too_low (0.00s)
        --- PASS: TestRoleServiceTestSuite/TestUpdateRoleValidationErrors/Invalid_status (0.00s)
        --- PASS: TestRoleServiceTestSuite/TestUpdateRoleValidationErrors/Empty_permission (0.00s)
    --- PASS: TestRoleServiceTestSuite/TestUpdateRoleWithWhitespace (0.00s)
=== RUN   TestValidateCreateRoleAssignment
--- PASS: TestValidateCreateRoleAssignment (0.00s)
=== RUN   TestValidateUpdateRoleRequest
--- PASS: TestValidateUpdateRoleRequest (0.00s)
=== RUN   TestRoleValidationEdgeCases
--- PASS: TestRoleValidationEdgeCases (0.00s)
=== RUN   TestUserServiceTestSuite
=== RUN   TestUserServiceTestSuite/TestAddRoleToUser
=== RUN   TestUserServiceTestSuite/TestAddRoleToUserValidationErrors
=== RUN   TestUserServiceTestSuite/TestAddRoleToUserValidationErrors/Empty_user_ID
=== RUN   TestUserServiceTestSuite/TestAddRoleToUserValidationErrors/Empty_role_ID
=== RUN   TestUserServiceTestSuite/TestAddRoleToUserValidationErrors/Empty_role_name
=== RUN   TestUserServiceTestSuite/TestAssignRoleToUser
=== RUN   TestUserServiceTestSuite/TestAssignRoleToUserValidationErrors
=== RUN   TestUserServiceTestSuite/TestAssignRoleToUserValidationErrors/Empty_user_ID
=== RUN   TestUserServiceTestSuite/TestAssignRoleToUserValidationErrors/Empty_role_ID
=== RUN   TestUserServiceTestSuite/TestAssignRolesToUser
=== RUN   TestUserServiceTestSuite/TestAssignRolesToUserValidationErrors
=== RUN   TestUserServiceTestSuite/TestAssignRolesToUserValidationErrors/Empty_user_ID
=== RUN   TestUserServiceTestSuite/TestAssignRolesToUserValidationErrors/Empty_role_assignments
=== RUN   TestUserServiceTestSuite/TestAssignRolesToUserValidationErrors/Nil_role_assignments
=== RUN   TestUserServiceTestSuite/TestCreateUser
=== RUN   TestUserServiceTestSuite/TestCreateUserRepositoryError
=== RUN   TestUserServiceTestSuite/TestCreateUserValidationErrors
=== RUN   TestUserServiceTestSuite/TestCreateUserValidationErrors/Nil_user
=== RUN   TestUserServiceTestSuite/TestCreateUserValidationErrors/Empty_email
=== RUN   TestUserServiceTestSuite/TestCreateUserValidationErrors/Empty_username
=== RUN   TestUserServiceTestSuite/TestCreateUserValidationErrors/Empty_first_name
=== RUN   TestUserServiceTestSuite/TestCreateUserValidationErrors/Empty_last_name
=== RUN   TestUserServiceTestSuite/TestCreateUserValidationErrors/Empty_password
=== RUN   TestUserServiceTestSuite/TestCreateUserValidationErrors/Invalid_email_format
=== RUN   TestUserServiceTestSuite/TestCreateUserValidationErrors/Invalid_username_format
=== RUN   TestUserServiceTestSuite/TestCreateUserValidationErrors/Username_with_invalid_characters
=== RUN   TestUserServiceTestSuite/TestCreateUserValidationErrors/Password_too_short
=== RUN   TestUserServiceTestSuite/TestCreateUserValidationErrors/First_name_too_long
=== RUN   TestUserServiceTestSuite/TestCreateUserValidationErrors/Last_name_too_long
=== RUN   TestUserServiceTestSuite/TestCreateUserWithNormalization
=== RUN   TestUserServiceTestSuite/TestGetUserByEmail
=== RUN   TestUserServiceTestSuite/TestGetUserByEmailNotFound
=== RUN   TestUserServiceTestSuite/TestGetUserByEmailValidationErrors
=== RUN   TestUserServiceTestSuite/TestGetUserByEmailValidationErrors/Empty_email
=== RUN   TestUserServiceTestSuite/TestGetUserByEmailValidationErrors/Whitespace_only_email
=== RUN   TestUserServiceTestSuite/TestGetUserByID
=== RUN   TestUserServiceTestSuite/TestGetUserByIDNotFound
=== RUN   TestUserServiceTestSuite/TestGetUserByIDRepositoryError
=== RUN   TestUserServiceTestSuite/TestGetUserByIDValidationErrors
=== RUN   TestUserServiceTestSuite/TestGetUserByIDValidationErrors/Empty_user_ID
=== RUN   TestUserServiceTestSuite/TestGetUserByIDValidationErrors/Whitespace_only_user_ID
=== RUN   TestUserServiceTestSuite/TestGetUserByUsername
=== RUN   TestUserServiceTestSuite/TestGetUserByUsernameValidationErrors
=== RUN   TestUserServiceTestSuite/TestGetUserByUsernameValidationErrors/Empty_username
=== RUN   TestUserServiceTestSuite/TestGetUserByUsernameValidationErrors/Whitespace_only_username
=== RUN   TestUserServiceTestSuite/TestGetUsers
=== RUN   TestUserServiceTestSuite/TestGetUsersByStatus
=== RUN   TestUserServiceTestSuite/TestGetUsersByStatusNoMatches
=== RUN   TestUserServiceTestSuite/TestGetUsersByStatusRepositoryError
=== RUN   TestUserServiceTestSuite/TestGetUsersByStatusValidationError
=== RUN   TestUserServiceTestSuite/TestGetUsersError
=== RUN   TestUserServiceTestSuite/TestNewUserService
=== RUN   TestUserServiceTestSuite/TestRemoveRoleFromUser
=== RUN   TestUserServiceTestSuite/TestRemoveRoleFromUserValidationErrors
=== RUN   TestUserServiceTestSuite/TestRemoveRoleFromUserValidationErrors/Empty_user_ID
=== RUN   TestUserServiceTestSuite/TestRemoveRoleFromUserValidationErrors/Empty_role_ID
=== RUN   TestUserServiceTestSuite/TestUpdateUser
=== RUN   TestUserServiceTestSuite/TestUpdateUserValidationErrors
=== RUN   TestUserServiceTestSuite/TestUpdateUserValidationErrors/Empty_user_ID
=== RUN   TestUserServiceTestSuite/TestUpdateUserValidationErrors/Nil_user
=== RUN   TestUserServiceTestSuite/TestUpdateUserValidationErrors/First_name_too_long
=== RUN   TestUserServiceTestSuite/TestUpdateUserValidationErrors/Last_name_too_long
=== RUN   TestUserServiceTestSuite/TestUpdateUserValidationErrors/Password_too_short
=== RUN   TestUserServiceTestSuite/TestUpdateUserValidationErrors/Invalid_status
=== RUN   TestUserServiceTestSuite/TestUpdateUserWithWhitespace
--- PASS: TestUserServiceTestSuite (0.00s)
    --- PASS: TestUserServiceTestSuite/TestAddRoleToUser (0.00s)
    --- PASS: TestUserServiceTestSuite/TestAddRoleToUserValidationErrors (0.00s)
        --- PASS: TestUserServiceTestSuite/TestAddRoleToUserValidationErrors/Empty_user_ID (0.00s)
        --- PASS: TestUserServiceTestSuite/TestAddRoleToUserValidationErrors/Empty_role_ID (0.00s)
        --- PASS: TestUserServiceTestSuite/TestAddRoleToUserValidationErrors/Empty_role_name (0.00s)
    --- PASS: TestUserServiceTestSuite/TestAssignRoleToUser (0.00s)
    --- PASS: TestUserServiceTestSuite/TestAssignRoleToUserValidationErrors (0.00s)
        --- PASS: TestUserServiceTestSuite/TestAssignRoleToUserValidationErrors/Empty_user_ID (0.00s)
        --- PASS: TestUserServiceTestSuite/TestAssignRoleToUserValidationErrors/Empty_role_ID (0.00s)
    --- PASS: TestUserServiceTestSuite/TestAssignRolesToUser (0.00s)
    --- PASS: TestUserServiceTestSuite/TestAssignRolesToUserValidationErrors (0.00s)
        --- PASS: TestUserServiceTestSuite/TestAssignRolesToUserValidationErrors/Empty_user_ID (0.00s)
        --- PASS: TestUserServiceTestSuite/TestAssignRolesToUserValidationErrors/Empty_role_assignments (0.00s)
        --- PASS: TestUserServiceTestSuite/TestAssignRolesToUserValidationErrors/Nil_role_assignments (0.00s)
    --- PASS: TestUserServiceTestSuite/TestCreateUser (0.00s)
    --- PASS: TestUserServiceTestSuite/TestCreateUserRepositoryError (0.00s)
    --- PASS: TestUserServiceTestSuite/TestCreateUserValidationErrors (0.00s)
        --- PASS: TestUserServiceTestSuite/TestCreateUserValidationErrors/Nil_user (0.00s)
        --- PASS: TestUserServiceTestSuite/TestCreateUserValidationErrors/Empty_email (0.00s)
        --- PASS: TestUserServiceTestSuite/TestCreateUserValidationErrors/Empty_username (0.00s)
        --- PASS: TestUserServiceTestSuite/TestCreateUserValidationErrors/Empty_first_name (0.00s)
        --- PASS: TestUserServiceTestSuite/TestCreateUserValidationErrors/Empty_last_name (0.00s)
        --- PASS: TestUserServiceTestSuite/TestCreateUserValidationErrors/Empty_password (0.00s)
        --- PASS: TestUserServiceTestSuite/TestCreateUserValidationErrors/Invalid_email_format (0.00s)
        --- PASS: TestUserServiceTestSuite/TestCreateUserValidationErrors/Invalid_username_format (0.00s)
        --- PASS: TestUserServiceTestSuite/TestCreateUserValidationErrors/Username_with_invalid_characters (0.00s)
        --- PASS: TestUserServiceTestSuite/TestCreateUserValidationErrors/Password_too_short (0.00s)
        --- PASS: TestUserServiceTestSuite/TestCreateUserValidationErrors/First_name_too_long (0.00s)
        --- PASS: TestUserServiceTestSuite/TestCreateUserValidationErrors/Last_name_too_long (0.00s)
    --- PASS: TestUserServiceTestSuite/TestCreateUserWithNormalization (0.00s)
    --- PASS: TestUserServiceTestSuite/TestGetUserByEmail (0.00s)
    --- PASS: TestUserServiceTestSuite/TestGetUserByEmailNotFound (0.00s)
    --- PASS: TestUserServiceTestSuite/TestGetUserByEmailValidationErrors (0.00s)
        --- PASS: TestUserServiceTestSuite/TestGetUserByEmailValidationErrors/Empty_email (0.00s)
        --- PASS: TestUserServiceTestSuite/TestGetUserByEmailValidationErrors/Whitespace_only_email (0.00s)
    --- PASS: TestUserServiceTestSuite/TestGetUserByID (0.00s)
    --- PASS: TestUserServiceTestSuite/TestGetUserByIDNotFound (0.00s)
    --- PASS: TestUserServiceTestSuite/TestGetUserByIDRepositoryError (0.00s)
    --- PASS: TestUserServiceTestSuite/TestGetUserByIDValidationErrors (0.00s)
        --- PASS: TestUserServiceTestSuite/TestGetUserByIDValidationErrors/Empty_user_ID (0.00s)
        --- PASS: TestUserServiceTestSuite/TestGetUserByIDValidationErrors/Whitespace_only_user_ID (0.00s)
    --- PASS: TestUserServiceTestSuite/TestGetUserByUsername (0.00s)
    --- PASS: TestUserServiceTestSuite/TestGetUserByUsernameValidationErrors (0.00s)
        --- PASS: TestUserServiceTestSuite/TestGetUserByUsernameValidationErrors/Empty_username (0.00s)
        --- PASS: TestUserServiceTestSuite/TestGetUserByUsernameValidationErrors/Whitespace_only_username (0.00s)
    --- PASS: TestUserServiceTestSuite/TestGetUsers (0.00s)
    --- PASS: TestUserServiceTestSuite/TestGetUsersByStatus (0.00s)
    --- PASS: TestUserServiceTestSuite/TestGetUsersByStatusNoMatches (0.00s)
    --- PASS: TestUserServiceTestSuite/TestGetUsersByStatusRepositoryError (0.00s)
    --- PASS: TestUserServiceTestSuite/TestGetUsersByStatusValidationError (0.00s)
    --- PASS: TestUserServiceTestSuite/TestGetUsersError (0.00s)
    --- PASS: TestUserServiceTestSuite/TestNewUserService (0.00s)
    --- PASS: TestUserServiceTestSuite/TestRemoveRoleFromUser (0.00s)
    --- PASS: TestUserServiceTestSuite/TestRemoveRoleFromUserValidationErrors (0.00s)
        --- PASS: TestUserServiceTestSuite/TestRemoveRoleFromUserValidationErrors/Empty_user_ID (0.00s)
        --- PASS: TestUserServiceTestSuite/TestRemoveRoleFromUserValidationErrors/Empty_role_ID (0.00s)
    --- PASS: TestUserServiceTestSuite/TestUpdateUser (0.00s)
    --- PASS: TestUserServiceTestSuite/TestUpdateUserValidationErrors (0.00s)
        --- PASS: TestUserServiceTestSuite/TestUpdateUserValidationErrors/Empty_user_ID (0.00s)
        --- PASS: TestUserServiceTestSuite/TestUpdateUserValidationErrors/Nil_user (0.00s)
        --- PASS: TestUserServiceTestSuite/TestUpdateUserValidationErrors/First_name_too_long (0.00s)
        --- PASS: TestUserServiceTestSuite/TestUpdateUserValidationErrors/Last_name_too_long (0.00s)
        --- PASS: TestUserServiceTestSuite/TestUpdateUserValidationErrors/Password_too_short (0.00s)
        --- PASS: TestUserServiceTestSuite/TestUpdateUserValidationErrors/Invalid_status (0.00s)
    --- PASS: TestUserServiceTestSuite/TestUpdateUserWithWhitespace (0.00s)
=== RUN   TestValidateCreateUser
--- PASS: TestValidateCreateUser (0.00s)
=== RUN   TestValidateUpdateUser
--- PASS: TestValidateUpdateUser (0.00s)
=== RUN   TestValidateRoleAssignment
--- PASS: TestValidateRoleAssignment (0.00s)
PASS
ok  	fieldfuze-backend/services	(cached)
=== RUN   TestUtilsTestSuite
=== RUN   TestUtilsTestSuite/TestCheckPassword
=== RUN   TestUtilsTestSuite/TestCheckPasswordWithBcryptGenerated
=== RUN   TestUtilsTestSuite/TestCheckPasswordWithEmptyInputs
=== RUN   TestUtilsTestSuite/TestCheckPasswordWithInvalidHash
=== RUN   TestUtilsTestSuite/TestGenerateUUID
=== RUN   TestUtilsTestSuite/TestGenerateUUIDUniqueness
=== RUN   TestUtilsTestSuite/TestGetConfig
Inside GetConfig :: before Load() call
Using config file: /Users/nakulbhandare/go/src/github.com/field_fuze_backend/config.json
Inside GetConfig :: after Load() call &{FieldFuze Backend 1.0.0 development 0.0.0.0 8081 UkPd0+RXTNFqjN8vSUJP2u97Vm6CD1aaVenZ0PkWhtTxu1ZPFgwO4ziTNFX5H2DNiIjcpdqBWAGZ6fJ2quZeJA== 24h0m0s true 30 false true us-east-1    dev    debug text [*] 100 /api/v1/auth [users1 role organization]} <nil>
=== RUN   TestUtilsTestSuite/TestGetConfigWithEnvironmentVariables
Inside GetConfig :: before Load() call
Using config file: /Users/nakulbhandare/go/src/github.com/field_fuze_backend/config.json
No AWS credentials provided, assuming IAM role is used
Inside GetConfig :: after Load() call &{Test App 2.0.0 production 0.0.0.0 8081 production-secret 24h0m0s true 30 false true us-west-2    dev    debug text [*] 100 /api/v1/auth [users1 role organization]} <nil>
=== RUN   TestUtilsTestSuite/TestHashPassword
=== RUN   TestUtilsTestSuite/TestHashPasswordWithEmptyString
=== RUN   TestUtilsTestSuite/TestHashPasswordWithSpecialCharacters
=== RUN   TestUtilsTestSuite/TestLoad
Using config file: /Users/nakulbhandare/go/src/github.com/field_fuze_backend/config.json
=== RUN   TestUtilsTestSuite/TestLoadWithInvalidJWTExpiration
Using config file: /Users/nakulbhandare/go/src/github.com/field_fuze_backend/config.json
=== RUN   TestUtilsTestSuite/TestLoadWithJWTExpirationString
Using config file: /Users/nakulbhandare/go/src/github.com/field_fuze_backend/config.json
=== RUN   TestUtilsTestSuite/TestLoadWithProductionValidation
Using config file: /Users/nakulbhandare/go/src/github.com/field_fuze_backend/config.json
=== RUN   TestUtilsTestSuite/TestLoadWithProductionValidationWithValidSecret
Using config file: /Users/nakulbhandare/go/src/github.com/field_fuze_backend/config.json
No AWS credentials provided, assuming IAM role is used
=== RUN   TestUtilsTestSuite/TestPrintPrettyJSON
=== RUN   TestUtilsTestSuite/TestPrintPrettyJSONWithInvalidData
Failed to generate JSON: json: unsupported type: chan int
=== RUN   TestUtilsTestSuite/TestPrintPrettyJSONWithNil
=== RUN   TestUtilsTestSuite/TestPrintPrettyJSONWithStruct
=== RUN   TestUtilsTestSuite/TestValidate
=== RUN   TestUtilsTestSuite/TestValidateProductionWithDefaultSecret
=== RUN   TestUtilsTestSuite/TestValidateProductionWithNoAWSCredentials
No AWS credentials provided, assuming IAM role is used
=== RUN   TestUtilsTestSuite/TestValidateProductionWithValidSecret
No AWS credentials provided, assuming IAM role is used
--- PASS: TestUtilsTestSuite (0.94s)
    --- PASS: TestUtilsTestSuite/TestCheckPassword (0.27s)
    --- PASS: TestUtilsTestSuite/TestCheckPasswordWithBcryptGenerated (0.16s)
    --- PASS: TestUtilsTestSuite/TestCheckPasswordWithEmptyInputs (0.10s)
    --- PASS: TestUtilsTestSuite/TestCheckPasswordWithInvalidHash (0.00s)
    --- PASS: TestUtilsTestSuite/TestGenerateUUID (0.00s)
    --- PASS: TestUtilsTestSuite/TestGenerateUUIDUniqueness (0.00s)
    --- PASS: TestUtilsTestSuite/TestGetConfig (0.00s)
    --- PASS: TestUtilsTestSuite/TestGetConfigWithEnvironmentVariables (0.00s)
    --- PASS: TestUtilsTestSuite/TestHashPassword (0.10s)
    --- PASS: TestUtilsTestSuite/TestHashPasswordWithEmptyString (0.05s)
    --- PASS: TestUtilsTestSuite/TestHashPasswordWithSpecialCharacters (0.25s)
    --- PASS: TestUtilsTestSuite/TestLoad (0.00s)
    --- PASS: TestUtilsTestSuite/TestLoadWithInvalidJWTExpiration (0.00s)
    --- PASS: TestUtilsTestSuite/TestLoadWithJWTExpirationString (0.00s)
    --- PASS: TestUtilsTestSuite/TestLoadWithProductionValidation (0.00s)
    --- PASS: TestUtilsTestSuite/TestLoadWithProductionValidationWithValidSecret (0.00s)
    --- PASS: TestUtilsTestSuite/TestPrintPrettyJSON (0.00s)
    --- PASS: TestUtilsTestSuite/TestPrintPrettyJSONWithInvalidData (0.00s)
    --- PASS: TestUtilsTestSuite/TestPrintPrettyJSONWithNil (0.00s)
    --- PASS: TestUtilsTestSuite/TestPrintPrettyJSONWithStruct (0.00s)
    --- PASS: TestUtilsTestSuite/TestValidate (0.00s)
    --- PASS: TestUtilsTestSuite/TestValidateProductionWithDefaultSecret (0.00s)
    --- PASS: TestUtilsTestSuite/TestValidateProductionWithNoAWSCredentials (0.00s)
    --- PASS: TestUtilsTestSuite/TestValidateProductionWithValidSecret (0.00s)
=== RUN   TestHashPasswordEdgeCases
=== RUN   TestHashPasswordEdgeCases/Very_short_password
=== RUN   TestHashPasswordEdgeCases/Long_password
=== RUN   TestHashPasswordEdgeCases/Unicode_password
=== RUN   TestHashPasswordEdgeCases/Password_with_null_bytes
--- PASS: TestHashPasswordEdgeCases (0.41s)
    --- PASS: TestHashPasswordEdgeCases/Very_short_password (0.10s)
    --- PASS: TestHashPasswordEdgeCases/Long_password (0.11s)
    --- PASS: TestHashPasswordEdgeCases/Unicode_password (0.10s)
    --- PASS: TestHashPasswordEdgeCases/Password_with_null_bytes (0.10s)
=== RUN   TestPasswordConsistency
--- PASS: TestPasswordConsistency (0.56s)
=== RUN   TestUUIDFormatValidation
--- PASS: TestUUIDFormatValidation (0.00s)
=== RUN   TestConfigValidationEdgeCases
=== RUN   TestConfigValidationEdgeCases/Development_with_default_secret
=== RUN   TestConfigValidationEdgeCases/Test_environment_with_default_secret
=== RUN   TestConfigValidationEdgeCases/Production_with_custom_secret
No AWS credentials provided, assuming IAM role is used
=== RUN   TestConfigValidationEdgeCases/Staging_with_default_secret
--- PASS: TestConfigValidationEdgeCases (0.00s)
    --- PASS: TestConfigValidationEdgeCases/Development_with_default_secret (0.00s)
    --- PASS: TestConfigValidationEdgeCases/Test_environment_with_default_secret (0.00s)
    --- PASS: TestConfigValidationEdgeCases/Production_with_custom_secret (0.00s)
    --- PASS: TestConfigValidationEdgeCases/Staging_with_default_secret (0.00s)
PASS
ok  	fieldfuze-backend/utils	(cached)
FAIL
